wifi_connect.c:28:6:mqtthandler	24	static
wifi_connect.c:43:7:subscribe_handler	8	static
wifi_connect.c:53:6:read_message	288	static
wifi_connect.c:84:6:Wifi_connect	16	static
wifi_connect.c:95:6:connect_broker	88	static
wifi_connect.c:124:21:wifi_loop	48	static
wifi_connect.c:163:6:mqtt_loop	8	static
wifi_connect.c:172:6:mqtt_publish	48	static
wifi_connect.c:184:6:mqtt_subscribe	56	static
wifi_connect.c:192:6:setmqttcallback	16	static
wifi_connect.c:195:13:send_command	16	static
wifi_connect.c:198:7:send_command_info	16	static
wifi_connect.c:202:13:flush_response	16	static
wifi_connect.c:206:16:receive_response	32	static
wifi_connect.c:234:20:mqtt_is_connected	16	static
wifi_connect.c:256:7:send_string	8	static
