wifi_connect.c:33:13:send_esp8266	16	static
wifi_connect.c:39:13:flush_response	16	static
wifi_connect.c:44:6:mqtthandler	24	static
wifi_connect.c:61:7:esp8266_rxcallback	8	static
wifi_connect.c:93:13:fill_with_garbage_data	24	static
wifi_connect.c:103:17:return_last_garbage_idx	24	static
wifi_connect.c:110:9:send_cmd_receive_total_response	32	static
wifi_connect.c:148:13:send_cmd_receive_expected_resp	152	static
wifi_connect.c:182:6:subscribe_handler	8	static
wifi_connect.c:191:6:read_message	288	static
wifi_connect.c:217:6:Wifi_connect	64	static
wifi_connect.c:233:13:learn_local_esp8266_ip	16	static
wifi_connect.c:250:6:connect_broker	104	static
wifi_connect.c:295:21:wifi_loop	48	static
wifi_connect.c:338:6:mqtt_loop	8	static
wifi_connect.c:347:6:mqtt_publish	48	static
wifi_connect.c:364:6:mqtt_subscribe	56	static
wifi_connect.c:379:6:setmqttcallback	16	static
wifi_connect.c:383:16:receive_response	32	static
wifi_connect.c:410:19:mqtt_is_connected	16	static
